// Jest Snapshot v1, https://goo.gl/fbAQLP

exports[`Render should render component 1`] = `
<Fragment>
  <MonitorConfig
    getSubscriptions={[Function]}
    options={
      Object {
        "access": "proxy",
        "basicAuth": false,
        "basicAuthPassword": "",
        "basicAuthUser": "",
        "database": "",
        "id": 21,
        "isDefault": false,
        "jsonData": Object {
          "azureLogAnalyticsSameAs": true,
          "cloudName": "azuremonitor",
          "subscriptionId": "44987801-6nn6-49he-9b2d-9106972f9789",
        },
        "name": "Azure Monitor-10-10",
        "orgId": 1,
        "password": "",
        "readOnly": false,
        "secureJsonData": Object {},
        "secureJsonFields": Object {},
        "type": "grafana-azure-monitor-datasource",
        "typeLogoUrl": "",
        "typeName": "Azure",
        "uid": "y",
        "url": "",
        "user": "",
        "version": 1,
        "withCredentials": false,
      }
    }
    updateOptions={[Function]}
  />
  <AnalyticsConfig
    getSubscriptions={[Function]}
    getWorkspaces={[Function]}
    options={
      Object {
        "access": "proxy",
        "basicAuth": false,
        "basicAuthPassword": "",
        "basicAuthUser": "",
        "database": "",
        "id": 21,
        "isDefault": false,
        "jsonData": Object {
          "azureLogAnalyticsSameAs": true,
          "cloudName": "azuremonitor",
          "subscriptionId": "44987801-6nn6-49he-9b2d-9106972f9789",
        },
        "name": "Azure Monitor-10-10",
        "orgId": 1,
        "password": "",
        "readOnly": false,
        "secureJsonData": Object {},
        "secureJsonFields": Object {},
        "type": "grafana-azure-monitor-datasource",
        "typeLogoUrl": "",
        "typeName": "Azure",
        "uid": "y",
        "url": "",
        "user": "",
        "version": 1,
        "withCredentials": false,
      }
    }
    updateOptions={[Function]}
  />
  <InsightsConfig
    onResetOptionKey={[Function]}
    onUpdateJsonDataOption={[Function]}
    onUpdateSecureJsonDataOption={[Function]}
    options={
      Object {
        "access": "proxy",
        "basicAuth": false,
        "basicAuthPassword": "",
        "basicAuthUser": "",
        "database": "",
        "id": 21,
        "isDefault": false,
        "jsonData": Object {
          "azureLogAnalyticsSameAs": true,
          "cloudName": "azuremonitor",
          "subscriptionId": "44987801-6nn6-49he-9b2d-9106972f9789",
        },
        "name": "Azure Monitor-10-10",
        "orgId": 1,
        "password": "",
        "readOnly": false,
        "secureJsonData": Object {},
        "secureJsonFields": Object {},
        "type": "grafana-azure-monitor-datasource",
        "typeLogoUrl": "",
        "typeName": "Azure",
        "uid": "y",
        "url": "",
        "user": "",
        "version": 1,
        "withCredentials": false,
      }
    }
  />
</Fragment>
`;
